  Determining projects to restore...
  All projects are up-to-date for restore.
C:\Users\DELL\Documents\EAD_project\Views\Admin\ManageStudents.cshtml(1,3): error RZ2005: The 'model' directive must appear at the start of the line. [C:\Users\DELL\Documents\EAD_project\EAD_project.csproj]
C:\Users\DELL\Documents\EAD_project\CreateTestUsers.cs(12,24): warning CS7022: The entry point of the program is global code; ignoring 'TestUserGenerator.Main()' entry point. [C:\Users\DELL\Documents\EAD_project\EAD_project.csproj]
C:\Users\DELL\Documents\EAD_project\Controllers\TeacherController.cs(62,74): warning CS8602: Dereference of a possibly null reference. [C:\Users\DELL\Documents\EAD_project\EAD_project.csproj]
C:\Users\DELL\Documents\EAD_project\SeedUsers.cs(251,111): warning CS8602: Dereference of a possibly null reference. [C:\Users\DELL\Documents\EAD_project\EAD_project.csproj]
C:\Users\DELL\Documents\EAD_project\SeedUsers.cs(271,36): warning CS8602: Dereference of a possibly null reference. [C:\Users\DELL\Documents\EAD_project\EAD_project.csproj]
C:\Users\DELL\Documents\EAD_project\SeedUsers.cs(317,74): warning CS8602: Dereference of a possibly null reference. [C:\Users\DELL\Documents\EAD_project\EAD_project.csproj]
C:\Users\DELL\Documents\EAD_project\Controllers\TeacherController.cs(197,39): warning CS8602: Dereference of a possibly null reference. [C:\Users\DELL\Documents\EAD_project\EAD_project.csproj]
C:\Users\DELL\Documents\EAD_project\Controllers\TeacherController.cs(199,39): warning CS8602: Dereference of a possibly null reference. [C:\Users\DELL\Documents\EAD_project\EAD_project.csproj]
C:\Users\DELL\Documents\EAD_project\Controllers\TeacherController.cs(201,39): warning CS8602: Dereference of a possibly null reference. [C:\Users\DELL\Documents\EAD_project\EAD_project.csproj]
C:\Users\DELL\Documents\EAD_project\Controllers\TeacherController.cs(202,29): warning CS8602: Dereference of a possibly null reference. [C:\Users\DELL\Documents\EAD_project\EAD_project.csproj]
C:\Users\DELL\Documents\EAD_project\Controllers\TeacherController.cs(203,31): warning CS8602: Dereference of a possibly null reference. [C:\Users\DELL\Documents\EAD_project\EAD_project.csproj]
C:\Users\DELL\Documents\EAD_project\Controllers\TeacherController.cs(203,31): warning CS8602: Dereference of a possibly null reference. [C:\Users\DELL\Documents\EAD_project\EAD_project.csproj]
C:\Users\DELL\Documents\EAD_project\Controllers\TeacherController.cs(204,30): warning CS8602: Dereference of a possibly null reference. [C:\Users\DELL\Documents\EAD_project\EAD_project.csproj]
C:\Users\DELL\Documents\EAD_project\Controllers\TeacherController.cs(240,74): warning CS8602: Dereference of a possibly null reference. [C:\Users\DELL\Documents\EAD_project\EAD_project.csproj]
C:\Users\DELL\Documents\EAD_project\Controllers\TeacherController.cs(246,74): warning CS8602: Dereference of a possibly null reference. [C:\Users\DELL\Documents\EAD_project\EAD_project.csproj]
C:\Users\DELL\Documents\EAD_project\Controllers\TeacherController.cs(261,33): warning CS8602: Dereference of a possibly null reference. [C:\Users\DELL\Documents\EAD_project\EAD_project.csproj]
C:\Users\DELL\Documents\EAD_project\Controllers\TeacherController.cs(267,33): warning CS8602: Dereference of a possibly null reference. [C:\Users\DELL\Documents\EAD_project\EAD_project.csproj]
C:\Users\DELL\Documents\EAD_project\Controllers\TeacherController.cs(276,34): warning CS8602: Dereference of a possibly null reference. [C:\Users\DELL\Documents\EAD_project\EAD_project.csproj]
C:\Users\DELL\Documents\EAD_project\Controllers\TeacherController.cs(278,35): warning CS8602: Dereference of a possibly null reference. [C:\Users\DELL\Documents\EAD_project\EAD_project.csproj]
C:\Users\DELL\Documents\EAD_project\Controllers\TeacherController.cs(306,39): warning CS8602: Dereference of a possibly null reference. [C:\Users\DELL\Documents\EAD_project\EAD_project.csproj]
C:\Users\DELL\Documents\EAD_project\Controllers\TeacherController.cs(308,39): warning CS8602: Dereference of a possibly null reference. [C:\Users\DELL\Documents\EAD_project\EAD_project.csproj]
C:\Users\DELL\Documents\EAD_project\Controllers\TeacherController.cs(309,29): warning CS8602: Dereference of a possibly null reference. [C:\Users\DELL\Documents\EAD_project\EAD_project.csproj]
C:\Users\DELL\Documents\EAD_project\Controllers\StudentController.cs(72,39): warning CS8602: Dereference of a possibly null reference. [C:\Users\DELL\Documents\EAD_project\EAD_project.csproj]
C:\Users\DELL\Documents\EAD_project\Controllers\StudentController.cs(138,39): warning CS8602: Dereference of a possibly null reference. [C:\Users\DELL\Documents\EAD_project\EAD_project.csproj]
C:\Users\DELL\Documents\EAD_project\Controllers\StudentController.cs(140,39): warning CS8602: Dereference of a possibly null reference. [C:\Users\DELL\Documents\EAD_project\EAD_project.csproj]
C:\Users\DELL\Documents\EAD_project\Controllers\StudentController.cs(141,49): warning CS8602: Dereference of a possibly null reference. [C:\Users\DELL\Documents\EAD_project\EAD_project.csproj]
C:\Users\DELL\Documents\EAD_project\Controllers\StudentController.cs(142,29): warning CS8602: Dereference of a possibly null reference. [C:\Users\DELL\Documents\EAD_project\EAD_project.csproj]
C:\Users\DELL\Documents\EAD_project\Controllers\AdminController.cs(75,41): warning CS8602: Dereference of a possibly null reference. [C:\Users\DELL\Documents\EAD_project\EAD_project.csproj]
C:\Users\DELL\Documents\EAD_project\Controllers\AdminController.cs(76,45): warning CS8602: Dereference of a possibly null reference. [C:\Users\DELL\Documents\EAD_project\EAD_project.csproj]
C:\Users\DELL\Documents\EAD_project\Pages\Login.cshtml.cs(101,30): warning CS0168: The variable 'ex' is declared but never used [C:\Users\DELL\Documents\EAD_project\EAD_project.csproj]
C:\Users\DELL\Documents\EAD_project\Controllers\AdminController.cs(89,41): warning CS8602: Dereference of a possibly null reference. [C:\Users\DELL\Documents\EAD_project\EAD_project.csproj]
C:\Users\DELL\Documents\EAD_project\Controllers\AdminController.cs(93,35): warning CS8602: Dereference of a possibly null reference. [C:\Users\DELL\Documents\EAD_project\EAD_project.csproj]
C:\Users\DELL\Documents\EAD_project\Controllers\AdminController.cs(93,35): warning CS8602: Dereference of a possibly null reference. [C:\Users\DELL\Documents\EAD_project\EAD_project.csproj]
C:\Users\DELL\Documents\EAD_project\Controllers\AdminController.cs(169,41): warning CS8602: Dereference of a possibly null reference. [C:\Users\DELL\Documents\EAD_project\EAD_project.csproj]
C:\Users\DELL\Documents\EAD_project\Controllers\AdminController.cs(174,35): warning CS8602: Dereference of a possibly null reference. [C:\Users\DELL\Documents\EAD_project\EAD_project.csproj]
C:\Users\DELL\Documents\EAD_project\Controllers\AdminController.cs(174,35): warning CS8602: Dereference of a possibly null reference. [C:\Users\DELL\Documents\EAD_project\EAD_project.csproj]
C:\Users\DELL\Documents\EAD_project\Views\Admin\ManageStudents.cshtml(62,40): warning CS8602: Dereference of a possibly null reference. [C:\Users\DELL\Documents\EAD_project\EAD_project.csproj]
C:\Users\DELL\Documents\EAD_project\Views\Admin\ManageStudents.cshtml(85,58): warning CS8602: Dereference of a possibly null reference. [C:\Users\DELL\Documents\EAD_project\EAD_project.csproj]
C:\Users\DELL\Documents\EAD_project\Controllers\AdminController.cs(245,39): warning CS8602: Dereference of a possibly null reference. [C:\Users\DELL\Documents\EAD_project\EAD_project.csproj]
C:\Users\DELL\Documents\EAD_project\Controllers\AdminController.cs(249,32): warning CS8602: Dereference of a possibly null reference. [C:\Users\DELL\Documents\EAD_project\EAD_project.csproj]
C:\Users\DELL\Documents\EAD_project\Controllers\AdminController.cs(250,31): warning CS8602: Dereference of a possibly null reference. [C:\Users\DELL\Documents\EAD_project\EAD_project.csproj]
C:\Users\DELL\Documents\EAD_project\Controllers\AdminController.cs(382,39): warning CS8602: Dereference of a possibly null reference. [C:\Users\DELL\Documents\EAD_project\EAD_project.csproj]
C:\Users\DELL\Documents\EAD_project\Controllers\AdminController.cs(383,39): warning CS8602: Dereference of a possibly null reference. [C:\Users\DELL\Documents\EAD_project\EAD_project.csproj]
C:\Users\DELL\Documents\EAD_project\Controllers\AdminController.cs(385,39): warning CS8602: Dereference of a possibly null reference. [C:\Users\DELL\Documents\EAD_project\EAD_project.csproj]
C:\Users\DELL\Documents\EAD_project\Controllers\AdminController.cs(386,39): warning CS8602: Dereference of a possibly null reference. [C:\Users\DELL\Documents\EAD_project\EAD_project.csproj]
C:\Users\DELL\Documents\EAD_project\Controllers\AdminController.cs(411,90): warning CS8602: Dereference of a possibly null reference. [C:\Users\DELL\Documents\EAD_project\EAD_project.csproj]
C:\Users\DELL\Documents\EAD_project\Controllers\AdminController.cs(412,90): warning CS8602: Dereference of a possibly null reference. [C:\Users\DELL\Documents\EAD_project\EAD_project.csproj]
C:\Users\DELL\Documents\EAD_project\Controllers\AdminController.cs(511,35): warning CS8602: Dereference of a possibly null reference. [C:\Users\DELL\Documents\EAD_project\EAD_project.csproj]
C:\Users\DELL\Documents\EAD_project\Controllers\AdminController.cs(533,39): warning CS8602: Dereference of a possibly null reference. [C:\Users\DELL\Documents\EAD_project\EAD_project.csproj]
C:\Users\DELL\Documents\EAD_project\Controllers\AdminController.cs(537,21): warning CS8602: Dereference of a possibly null reference. [C:\Users\DELL\Documents\EAD_project\EAD_project.csproj]
C:\Users\DELL\Documents\EAD_project\Controllers\AdminController.cs(539,56): warning CS8602: Dereference of a possibly null reference. [C:\Users\DELL\Documents\EAD_project\EAD_project.csproj]
C:\Users\DELL\Documents\EAD_project\Controllers\AdminController.cs(605,93): warning CS8602: Dereference of a possibly null reference. [C:\Users\DELL\Documents\EAD_project\EAD_project.csproj]
C:\Users\DELL\Documents\EAD_project\Controllers\AdminController.cs(650,52): warning CS8602: Dereference of a possibly null reference. [C:\Users\DELL\Documents\EAD_project\EAD_project.csproj]

Build FAILED.

C:\Users\DELL\Documents\EAD_project\CreateTestUsers.cs(12,24): warning CS7022: The entry point of the program is global code; ignoring 'TestUserGenerator.Main()' entry point. [C:\Users\DELL\Documents\EAD_project\EAD_project.csproj]
C:\Users\DELL\Documents\EAD_project\Controllers\TeacherController.cs(62,74): warning CS8602: Dereference of a possibly null reference. [C:\Users\DELL\Documents\EAD_project\EAD_project.csproj]
C:\Users\DELL\Documents\EAD_project\SeedUsers.cs(251,111): warning CS8602: Dereference of a possibly null reference. [C:\Users\DELL\Documents\EAD_project\EAD_project.csproj]
C:\Users\DELL\Documents\EAD_project\SeedUsers.cs(271,36): warning CS8602: Dereference of a possibly null reference. [C:\Users\DELL\Documents\EAD_project\EAD_project.csproj]
C:\Users\DELL\Documents\EAD_project\SeedUsers.cs(317,74): warning CS8602: Dereference of a possibly null reference. [C:\Users\DELL\Documents\EAD_project\EAD_project.csproj]
C:\Users\DELL\Documents\EAD_project\Controllers\TeacherController.cs(197,39): warning CS8602: Dereference of a possibly null reference. [C:\Users\DELL\Documents\EAD_project\EAD_project.csproj]
C:\Users\DELL\Documents\EAD_project\Controllers\TeacherController.cs(199,39): warning CS8602: Dereference of a possibly null reference. [C:\Users\DELL\Documents\EAD_project\EAD_project.csproj]
C:\Users\DELL\Documents\EAD_project\Controllers\TeacherController.cs(201,39): warning CS8602: Dereference of a possibly null reference. [C:\Users\DELL\Documents\EAD_project\EAD_project.csproj]
C:\Users\DELL\Documents\EAD_project\Controllers\TeacherController.cs(202,29): warning CS8602: Dereference of a possibly null reference. [C:\Users\DELL\Documents\EAD_project\EAD_project.csproj]
C:\Users\DELL\Documents\EAD_project\Controllers\TeacherController.cs(203,31): warning CS8602: Dereference of a possibly null reference. [C:\Users\DELL\Documents\EAD_project\EAD_project.csproj]
C:\Users\DELL\Documents\EAD_project\Controllers\TeacherController.cs(203,31): warning CS8602: Dereference of a possibly null reference. [C:\Users\DELL\Documents\EAD_project\EAD_project.csproj]
C:\Users\DELL\Documents\EAD_project\Controllers\TeacherController.cs(204,30): warning CS8602: Dereference of a possibly null reference. [C:\Users\DELL\Documents\EAD_project\EAD_project.csproj]
C:\Users\DELL\Documents\EAD_project\Controllers\TeacherController.cs(240,74): warning CS8602: Dereference of a possibly null reference. [C:\Users\DELL\Documents\EAD_project\EAD_project.csproj]
C:\Users\DELL\Documents\EAD_project\Controllers\TeacherController.cs(246,74): warning CS8602: Dereference of a possibly null reference. [C:\Users\DELL\Documents\EAD_project\EAD_project.csproj]
C:\Users\DELL\Documents\EAD_project\Controllers\TeacherController.cs(261,33): warning CS8602: Dereference of a possibly null reference. [C:\Users\DELL\Documents\EAD_project\EAD_project.csproj]
C:\Users\DELL\Documents\EAD_project\Controllers\TeacherController.cs(267,33): warning CS8602: Dereference of a possibly null reference. [C:\Users\DELL\Documents\EAD_project\EAD_project.csproj]
C:\Users\DELL\Documents\EAD_project\Controllers\TeacherController.cs(276,34): warning CS8602: Dereference of a possibly null reference. [C:\Users\DELL\Documents\EAD_project\EAD_project.csproj]
C:\Users\DELL\Documents\EAD_project\Controllers\TeacherController.cs(278,35): warning CS8602: Dereference of a possibly null reference. [C:\Users\DELL\Documents\EAD_project\EAD_project.csproj]
C:\Users\DELL\Documents\EAD_project\Controllers\TeacherController.cs(306,39): warning CS8602: Dereference of a possibly null reference. [C:\Users\DELL\Documents\EAD_project\EAD_project.csproj]
C:\Users\DELL\Documents\EAD_project\Controllers\TeacherController.cs(308,39): warning CS8602: Dereference of a possibly null reference. [C:\Users\DELL\Documents\EAD_project\EAD_project.csproj]
C:\Users\DELL\Documents\EAD_project\Controllers\TeacherController.cs(309,29): warning CS8602: Dereference of a possibly null reference. [C:\Users\DELL\Documents\EAD_project\EAD_project.csproj]
C:\Users\DELL\Documents\EAD_project\Controllers\StudentController.cs(72,39): warning CS8602: Dereference of a possibly null reference. [C:\Users\DELL\Documents\EAD_project\EAD_project.csproj]
C:\Users\DELL\Documents\EAD_project\Controllers\StudentController.cs(138,39): warning CS8602: Dereference of a possibly null reference. [C:\Users\DELL\Documents\EAD_project\EAD_project.csproj]
C:\Users\DELL\Documents\EAD_project\Controllers\StudentController.cs(140,39): warning CS8602: Dereference of a possibly null reference. [C:\Users\DELL\Documents\EAD_project\EAD_project.csproj]
C:\Users\DELL\Documents\EAD_project\Controllers\StudentController.cs(141,49): warning CS8602: Dereference of a possibly null reference. [C:\Users\DELL\Documents\EAD_project\EAD_project.csproj]
C:\Users\DELL\Documents\EAD_project\Controllers\StudentController.cs(142,29): warning CS8602: Dereference of a possibly null reference. [C:\Users\DELL\Documents\EAD_project\EAD_project.csproj]
C:\Users\DELL\Documents\EAD_project\Controllers\AdminController.cs(75,41): warning CS8602: Dereference of a possibly null reference. [C:\Users\DELL\Documents\EAD_project\EAD_project.csproj]
C:\Users\DELL\Documents\EAD_project\Controllers\AdminController.cs(76,45): warning CS8602: Dereference of a possibly null reference. [C:\Users\DELL\Documents\EAD_project\EAD_project.csproj]
C:\Users\DELL\Documents\EAD_project\Pages\Login.cshtml.cs(101,30): warning CS0168: The variable 'ex' is declared but never used [C:\Users\DELL\Documents\EAD_project\EAD_project.csproj]
C:\Users\DELL\Documents\EAD_project\Controllers\AdminController.cs(89,41): warning CS8602: Dereference of a possibly null reference. [C:\Users\DELL\Documents\EAD_project\EAD_project.csproj]
C:\Users\DELL\Documents\EAD_project\Controllers\AdminController.cs(93,35): warning CS8602: Dereference of a possibly null reference. [C:\Users\DELL\Documents\EAD_project\EAD_project.csproj]
C:\Users\DELL\Documents\EAD_project\Controllers\AdminController.cs(93,35): warning CS8602: Dereference of a possibly null reference. [C:\Users\DELL\Documents\EAD_project\EAD_project.csproj]
C:\Users\DELL\Documents\EAD_project\Controllers\AdminController.cs(169,41): warning CS8602: Dereference of a possibly null reference. [C:\Users\DELL\Documents\EAD_project\EAD_project.csproj]
C:\Users\DELL\Documents\EAD_project\Controllers\AdminController.cs(174,35): warning CS8602: Dereference of a possibly null reference. [C:\Users\DELL\Documents\EAD_project\EAD_project.csproj]
C:\Users\DELL\Documents\EAD_project\Controllers\AdminController.cs(174,35): warning CS8602: Dereference of a possibly null reference. [C:\Users\DELL\Documents\EAD_project\EAD_project.csproj]
C:\Users\DELL\Documents\EAD_project\Views\Admin\ManageStudents.cshtml(62,40): warning CS8602: Dereference of a possibly null reference. [C:\Users\DELL\Documents\EAD_project\EAD_project.csproj]
C:\Users\DELL\Documents\EAD_project\Views\Admin\ManageStudents.cshtml(85,58): warning CS8602: Dereference of a possibly null reference. [C:\Users\DELL\Documents\EAD_project\EAD_project.csproj]
C:\Users\DELL\Documents\EAD_project\Controllers\AdminController.cs(245,39): warning CS8602: Dereference of a possibly null reference. [C:\Users\DELL\Documents\EAD_project\EAD_project.csproj]
C:\Users\DELL\Documents\EAD_project\Controllers\AdminController.cs(249,32): warning CS8602: Dereference of a possibly null reference. [C:\Users\DELL\Documents\EAD_project\EAD_project.csproj]
C:\Users\DELL\Documents\EAD_project\Controllers\AdminController.cs(250,31): warning CS8602: Dereference of a possibly null reference. [C:\Users\DELL\Documents\EAD_project\EAD_project.csproj]
C:\Users\DELL\Documents\EAD_project\Controllers\AdminController.cs(382,39): warning CS8602: Dereference of a possibly null reference. [C:\Users\DELL\Documents\EAD_project\EAD_project.csproj]
C:\Users\DELL\Documents\EAD_project\Controllers\AdminController.cs(383,39): warning CS8602: Dereference of a possibly null reference. [C:\Users\DELL\Documents\EAD_project\EAD_project.csproj]
C:\Users\DELL\Documents\EAD_project\Controllers\AdminController.cs(385,39): warning CS8602: Dereference of a possibly null reference. [C:\Users\DELL\Documents\EAD_project\EAD_project.csproj]
C:\Users\DELL\Documents\EAD_project\Controllers\AdminController.cs(386,39): warning CS8602: Dereference of a possibly null reference. [C:\Users\DELL\Documents\EAD_project\EAD_project.csproj]
C:\Users\DELL\Documents\EAD_project\Controllers\AdminController.cs(411,90): warning CS8602: Dereference of a possibly null reference. [C:\Users\DELL\Documents\EAD_project\EAD_project.csproj]
C:\Users\DELL\Documents\EAD_project\Controllers\AdminController.cs(412,90): warning CS8602: Dereference of a possibly null reference. [C:\Users\DELL\Documents\EAD_project\EAD_project.csproj]
C:\Users\DELL\Documents\EAD_project\Controllers\AdminController.cs(511,35): warning CS8602: Dereference of a possibly null reference. [C:\Users\DELL\Documents\EAD_project\EAD_project.csproj]
C:\Users\DELL\Documents\EAD_project\Controllers\AdminController.cs(533,39): warning CS8602: Dereference of a possibly null reference. [C:\Users\DELL\Documents\EAD_project\EAD_project.csproj]
C:\Users\DELL\Documents\EAD_project\Controllers\AdminController.cs(537,21): warning CS8602: Dereference of a possibly null reference. [C:\Users\DELL\Documents\EAD_project\EAD_project.csproj]
C:\Users\DELL\Documents\EAD_project\Controllers\AdminController.cs(539,56): warning CS8602: Dereference of a possibly null reference. [C:\Users\DELL\Documents\EAD_project\EAD_project.csproj]
C:\Users\DELL\Documents\EAD_project\Controllers\AdminController.cs(605,93): warning CS8602: Dereference of a possibly null reference. [C:\Users\DELL\Documents\EAD_project\EAD_project.csproj]
C:\Users\DELL\Documents\EAD_project\Controllers\AdminController.cs(650,52): warning CS8602: Dereference of a possibly null reference. [C:\Users\DELL\Documents\EAD_project\EAD_project.csproj]
C:\Users\DELL\Documents\EAD_project\Views\Admin\ManageStudents.cshtml(1,3): error RZ2005: The 'model' directive must appear at the start of the line. [C:\Users\DELL\Documents\EAD_project\EAD_project.csproj]
    52 Warning(s)
    1 Error(s)

Time Elapsed 00:00:02.78
